Analysis & Synthesis report for MaquinaDeVendas
Wed Jun 29 18:02:01 2022
Quartus Prime Version 20.1.0 Build 711 06/05/2020 SJ Lite Edition


---------------------
; Table of Contents ;
---------------------
  1. Legal Notice
  2. Analysis & Synthesis Summary
  3. Analysis & Synthesis Settings
  4. Parallel Compilation
  5. Analysis & Synthesis Source Files Read
  6. Analysis & Synthesis Resource Usage Summary
  7. Analysis & Synthesis Resource Utilization by Entity
  8. General Register Statistics
  9. Multiplexer Restructuring Statistics (Restructuring Performed)
 10. Port Connectivity Checks: "subtratores:sub|subtrator:sub_choc"
 11. Port Connectivity Checks: "subtratores:sub|subtrator:sub_salg"
 12. Port Connectivity Checks: "subtratores:sub|subtrator:sub_refi"
 13. Port Connectivity Checks: "subtratores:sub|subtrator:sub_agua"
 14. Port Connectivity Checks: "somadores:sum|somador:sum_100c"
 15. Port Connectivity Checks: "somadores:sum|somador:sum_050c"
 16. Port Connectivity Checks: "somadores:sum|somador:sum_025c"
 17. Post-Synthesis Netlist Statistics for Top Partition
 18. Elapsed Time Per Partition
 19. Analysis & Synthesis Messages



----------------
; Legal Notice ;
----------------
Copyright (C) 2020  Intel Corporation. All rights reserved.
Your use of Intel Corporation's design tools, logic functions 
and other software and tools, and any partner logic 
functions, and any output files from any of the foregoing 
(including device programming or simulation files), and any 
associated documentation or information are expressly subject 
to the terms and conditions of the Intel Program License 
Subscription Agreement, the Intel Quartus Prime License Agreement,
the Intel FPGA IP License Agreement, or other applicable license
agreement, including, without limitation, that your use is for
the sole purpose of programming logic devices manufactured by
Intel and sold by Intel or its authorized distributors.  Please
refer to the applicable agreement for further details, at
https://fpgasoftware.intel.com/eula.



+----------------------------------------------------------------------------------+
; Analysis & Synthesis Summary                                                     ;
+------------------------------------+---------------------------------------------+
; Analysis & Synthesis Status        ; Successful - Wed Jun 29 18:02:01 2022       ;
; Quartus Prime Version              ; 20.1.0 Build 711 06/05/2020 SJ Lite Edition ;
; Revision Name                      ; MaquinaDeVendas                             ;
; Top-level Entity Name              ; MaquinaDeVendas                             ;
; Family                             ; MAX 10                                      ;
; Total logic elements               ; 116                                         ;
;     Total combinational functions  ; 116                                         ;
;     Dedicated logic registers      ; 6                                           ;
; Total registers                    ; 6                                           ;
; Total pins                         ; 41                                          ;
; Total virtual pins                 ; 0                                           ;
; Total memory bits                  ; 0                                           ;
; Embedded Multiplier 9-bit elements ; 0                                           ;
; Total PLLs                         ; 0                                           ;
; UFM blocks                         ; 0                                           ;
; ADC blocks                         ; 0                                           ;
+------------------------------------+---------------------------------------------+


+------------------------------------------------------------------------------------------------------------+
; Analysis & Synthesis Settings                                                                              ;
+------------------------------------------------------------------+--------------------+--------------------+
; Option                                                           ; Setting            ; Default Value      ;
+------------------------------------------------------------------+--------------------+--------------------+
; Device                                                           ; 10M50DAF484C7G     ;                    ;
; Top-level entity name                                            ; MaquinaDeVendas    ; MaquinaDeVendas    ;
; Family name                                                      ; MAX 10             ; Cyclone V          ;
; VHDL Show LMF Mapping Messages                                   ; Off                ;                    ;
; VHDL Version                                                     ; VHDL_2008          ; VHDL_1993          ;
; Use smart compilation                                            ; Off                ; Off                ;
; Enable parallel Assembler and Timing Analyzer during compilation ; On                 ; On                 ;
; Enable compact report table                                      ; Off                ; Off                ;
; Restructure Multiplexers                                         ; Auto               ; Auto               ;
; Create Debugging Nodes for IP Cores                              ; Off                ; Off                ;
; Preserve fewer node names                                        ; On                 ; On                 ;
; Intel FPGA IP Evaluation Mode                                    ; Enable             ; Enable             ;
; Verilog Version                                                  ; Verilog_2001       ; Verilog_2001       ;
; State Machine Processing                                         ; Auto               ; Auto               ;
; Safe State Machine                                               ; Off                ; Off                ;
; Extract Verilog State Machines                                   ; On                 ; On                 ;
; Extract VHDL State Machines                                      ; On                 ; On                 ;
; Ignore Verilog initial constructs                                ; Off                ; Off                ;
; Iteration limit for constant Verilog loops                       ; 5000               ; 5000               ;
; Iteration limit for non-constant Verilog loops                   ; 250                ; 250                ;
; Add Pass-Through Logic to Inferred RAMs                          ; On                 ; On                 ;
; Infer RAMs from Raw Logic                                        ; On                 ; On                 ;
; Parallel Synthesis                                               ; On                 ; On                 ;
; DSP Block Balancing                                              ; Auto               ; Auto               ;
; NOT Gate Push-Back                                               ; On                 ; On                 ;
; Power-Up Don't Care                                              ; On                 ; On                 ;
; Remove Redundant Logic Cells                                     ; Off                ; Off                ;
; Remove Duplicate Registers                                       ; On                 ; On                 ;
; Ignore CARRY Buffers                                             ; Off                ; Off                ;
; Ignore CASCADE Buffers                                           ; Off                ; Off                ;
; Ignore GLOBAL Buffers                                            ; Off                ; Off                ;
; Ignore ROW GLOBAL Buffers                                        ; Off                ; Off                ;
; Ignore LCELL Buffers                                             ; Off                ; Off                ;
; Ignore SOFT Buffers                                              ; On                 ; On                 ;
; Limit AHDL Integers to 32 Bits                                   ; Off                ; Off                ;
; Optimization Technique                                           ; Balanced           ; Balanced           ;
; Carry Chain Length                                               ; 70                 ; 70                 ;
; Auto Carry Chains                                                ; On                 ; On                 ;
; Auto Open-Drain Pins                                             ; On                 ; On                 ;
; Perform WYSIWYG Primitive Resynthesis                            ; Off                ; Off                ;
; Auto ROM Replacement                                             ; On                 ; On                 ;
; Auto RAM Replacement                                             ; On                 ; On                 ;
; Auto DSP Block Replacement                                       ; On                 ; On                 ;
; Auto Shift Register Replacement                                  ; Auto               ; Auto               ;
; Allow Shift Register Merging across Hierarchies                  ; Auto               ; Auto               ;
; Auto Clock Enable Replacement                                    ; On                 ; On                 ;
; Strict RAM Replacement                                           ; Off                ; Off                ;
; Allow Synchronous Control Signals                                ; On                 ; On                 ;
; Force Use of Synchronous Clear Signals                           ; Off                ; Off                ;
; Auto RAM Block Balancing                                         ; On                 ; On                 ;
; Auto RAM to Logic Cell Conversion                                ; Off                ; Off                ;
; Auto Resource Sharing                                            ; Off                ; Off                ;
; Allow Any RAM Size For Recognition                               ; Off                ; Off                ;
; Allow Any ROM Size For Recognition                               ; Off                ; Off                ;
; Allow Any Shift Register Size For Recognition                    ; Off                ; Off                ;
; Use LogicLock Constraints during Resource Balancing              ; On                 ; On                 ;
; Ignore translate_off and synthesis_off directives                ; Off                ; Off                ;
; Timing-Driven Synthesis                                          ; On                 ; On                 ;
; Report Parameter Settings                                        ; On                 ; On                 ;
; Report Source Assignments                                        ; On                 ; On                 ;
; Report Connectivity Checks                                       ; On                 ; On                 ;
; Ignore Maximum Fan-Out Assignments                               ; Off                ; Off                ;
; Synchronization Register Chain Length                            ; 2                  ; 2                  ;
; Power Optimization During Synthesis                              ; Normal compilation ; Normal compilation ;
; HDL message level                                                ; Level2             ; Level2             ;
; Suppress Register Optimization Related Messages                  ; Off                ; Off                ;
; Number of Removed Registers Reported in Synthesis Report         ; 5000               ; 5000               ;
; Number of Swept Nodes Reported in Synthesis Report               ; 5000               ; 5000               ;
; Number of Inverted Registers Reported in Synthesis Report        ; 100                ; 100                ;
; Clock MUX Protection                                             ; On                 ; On                 ;
; Auto Gated Clock Conversion                                      ; Off                ; Off                ;
; Block Design Naming                                              ; Auto               ; Auto               ;
; SDC constraint protection                                        ; Off                ; Off                ;
; Synthesis Effort                                                 ; Auto               ; Auto               ;
; Shift Register Replacement - Allow Asynchronous Clear Signal     ; On                 ; On                 ;
; Pre-Mapping Resynthesis Optimization                             ; Off                ; Off                ;
; Analysis & Synthesis Message Level                               ; Medium             ; Medium             ;
; Disable Register Merging Across Hierarchies                      ; Auto               ; Auto               ;
; Resource Aware Inference For Block RAM                           ; On                 ; On                 ;
+------------------------------------------------------------------+--------------------+--------------------+


+------------------------------------------+
; Parallel Compilation                     ;
+----------------------------+-------------+
; Processors                 ; Number      ;
+----------------------------+-------------+
; Number detected on machine ; 8           ;
; Maximum allowed            ; 4           ;
;                            ;             ;
; Average used               ; 1.00        ;
; Maximum used               ; 4           ;
;                            ;             ;
; Usage by Processor         ; % Time Used ;
;     Processor 1            ; 100.0%      ;
;     Processors 2-4         ;   0.0%      ;
+----------------------------+-------------+


+-----------------------------------------------------------------------------------------------------------------------------------------+
; Analysis & Synthesis Source Files Read                                                                                                  ;
+----------------------------------+-----------------+-----------------+--------------------------------------------------------+---------+
; File Name with User-Entered Path ; Used in Netlist ; File Type       ; File Name with Absolute Path                           ; Library ;
+----------------------------------+-----------------+-----------------+--------------------------------------------------------+---------+
; subtratores.vhd                  ; yes             ; User VHDL File  ; C:/Users/thale/Development/Maquina/subtratores.vhd     ;         ;
; subtrator.vhd                    ; yes             ; User VHDL File  ; C:/Users/thale/Development/Maquina/subtrator.vhd       ;         ;
; somadores.vhd                    ; yes             ; User VHDL File  ; C:/Users/thale/Development/Maquina/somadores.vhd       ;         ;
; somador.vhd                      ; yes             ; User VHDL File  ; C:/Users/thale/Development/Maquina/somador.vhd         ;         ;
; ram.vhd                          ; yes             ; User VHDL File  ; C:/Users/thale/Development/Maquina/ram.vhd             ;         ;
; multiplex_sum.vhd                ; yes             ; User VHDL File  ; C:/Users/thale/Development/Maquina/multiplex_sum.vhd   ;         ;
; multiplex_sub.vhd                ; yes             ; User VHDL File  ; C:/Users/thale/Development/Maquina/multiplex_sub.vhd   ;         ;
; multiplex_ram.vhd                ; yes             ; User VHDL File  ; C:/Users/thale/Development/Maquina/multiplex_ram.vhd   ;         ;
; math_pkg.vhd                     ; yes             ; User VHDL File  ; C:/Users/thale/Development/Maquina/math_pkg.vhd        ;         ;
; MaquinaDeVendas.vhd              ; yes             ; User VHDL File  ; C:/Users/thale/Development/Maquina/MaquinaDeVendas.vhd ;         ;
; display.vhd                      ; yes             ; User VHDL File  ; C:/Users/thale/Development/Maquina/display.vhd         ;         ;
; comparador.vhd                   ; yes             ; User VHDL File  ; C:/Users/thale/Development/Maquina/comparador.vhd      ;         ;
+----------------------------------+-----------------+-----------------+--------------------------------------------------------+---------+


+----------------------------------------------------------------------+
; Analysis & Synthesis Resource Usage Summary                          ;
+---------------------------------------------+------------------------+
; Resource                                    ; Usage                  ;
+---------------------------------------------+------------------------+
; Estimated Total logic elements              ; 116                    ;
;                                             ;                        ;
; Total combinational functions               ; 116                    ;
; Logic element usage by number of LUT inputs ;                        ;
;     -- 4 input functions                    ; 88                     ;
;     -- 3 input functions                    ; 16                     ;
;     -- <=2 input functions                  ; 12                     ;
;                                             ;                        ;
; Logic elements by mode                      ;                        ;
;     -- normal mode                          ; 116                    ;
;     -- arithmetic mode                      ; 0                      ;
;                                             ;                        ;
; Total registers                             ; 6                      ;
;     -- Dedicated logic registers            ; 6                      ;
;     -- I/O registers                        ; 0                      ;
;                                             ;                        ;
; I/O pins                                    ; 41                     ;
;                                             ;                        ;
; Embedded Multiplier 9-bit elements          ; 0                      ;
;                                             ;                        ;
; Maximum fan-out node                        ; ram:memoria|memoria[2] ;
; Maximum fan-out                             ; 32                     ;
; Total fan-out                               ; 520                    ;
; Average fan-out                             ; 2.55                   ;
+---------------------------------------------+------------------------+


+----------------------------------------------------------------------------------------------------------------------------------------------------------------------------------------------------------------------------------------------------------------------------------+
; Analysis & Synthesis Resource Utilization by Entity                                                                                                                                                                                                                              ;
+-----------------------------------+---------------------+---------------------------+-------------+------------+--------------+---------+-----------+------+--------------+------------+--------------------------------------------------------+-----------------+--------------+
; Compilation Hierarchy Node        ; Combinational ALUTs ; Dedicated Logic Registers ; Memory Bits ; UFM Blocks ; DSP Elements ; DSP 9x9 ; DSP 18x18 ; Pins ; Virtual Pins ; ADC blocks ; Full Hierarchy Name                                    ; Entity Name     ; Library Name ;
+-----------------------------------+---------------------+---------------------------+-------------+------------+--------------+---------+-----------+------+--------------+------------+--------------------------------------------------------+-----------------+--------------+
; |MaquinaDeVendas                  ; 116 (0)             ; 6 (0)                     ; 0           ; 0          ; 0            ; 0       ; 0         ; 41   ; 0            ; 0          ; |MaquinaDeVendas                                       ; MaquinaDeVendas ; work         ;
;    |comparador:cmp_produto|       ; 1 (1)               ; 0 (0)                     ; 0           ; 0          ; 0            ; 0       ; 0         ; 0    ; 0            ; 0          ; |MaquinaDeVendas|comparador:cmp_produto                ; comparador      ; work         ;
;    |display:mostrador|            ; 63 (63)             ; 0 (0)                     ; 0           ; 0          ; 0            ; 0       ; 0         ; 0    ; 0            ; 0          ; |MaquinaDeVendas|display:mostrador                     ; display         ; work         ;
;    |ram:memoria|                  ; 21 (12)             ; 6 (6)                     ; 0           ; 0          ; 0            ; 0       ; 0         ; 0    ; 0            ; 0          ; |MaquinaDeVendas|ram:memoria                           ; ram             ; work         ;
;       |multiplex_ram:mux_sub_add| ; 9 (9)               ; 0 (0)                     ; 0           ; 0          ; 0            ; 0       ; 0         ; 0    ; 0            ; 0          ; |MaquinaDeVendas|ram:memoria|multiplex_ram:mux_sub_add ; multiplex_ram   ; work         ;
;    |somadores:sum|                ; 16 (0)              ; 0 (0)                     ; 0           ; 0          ; 0            ; 0       ; 0         ; 0    ; 0            ; 0          ; |MaquinaDeVendas|somadores:sum                         ; somadores       ; work         ;
;       |multiplex_sum:mux_sum|     ; 8 (8)               ; 0 (0)                     ; 0           ; 0          ; 0            ; 0       ; 0         ; 0    ; 0            ; 0          ; |MaquinaDeVendas|somadores:sum|multiplex_sum:mux_sum   ; multiplex_sum   ; work         ;
;       |somador:sum_025c|          ; 4 (4)               ; 0 (0)                     ; 0           ; 0          ; 0            ; 0       ; 0         ; 0    ; 0            ; 0          ; |MaquinaDeVendas|somadores:sum|somador:sum_025c        ; somador         ; work         ;
;       |somador:sum_050c|          ; 2 (2)               ; 0 (0)                     ; 0           ; 0          ; 0            ; 0       ; 0         ; 0    ; 0            ; 0          ; |MaquinaDeVendas|somadores:sum|somador:sum_050c        ; somador         ; work         ;
;       |somador:sum_100c|          ; 2 (2)               ; 0 (0)                     ; 0           ; 0          ; 0            ; 0       ; 0         ; 0    ; 0            ; 0          ; |MaquinaDeVendas|somadores:sum|somador:sum_100c        ; somador         ; work         ;
;    |subtratores:sub|              ; 15 (0)              ; 0 (0)                     ; 0           ; 0          ; 0            ; 0       ; 0         ; 0    ; 0            ; 0          ; |MaquinaDeVendas|subtratores:sub                       ; subtratores     ; work         ;
;       |multiplex_sub:mux_sub|     ; 11 (11)             ; 0 (0)                     ; 0           ; 0          ; 0            ; 0       ; 0         ; 0    ; 0            ; 0          ; |MaquinaDeVendas|subtratores:sub|multiplex_sub:mux_sub ; multiplex_sub   ; work         ;
;       |subtrator:sub_agua|        ; 1 (1)               ; 0 (0)                     ; 0           ; 0          ; 0            ; 0       ; 0         ; 0    ; 0            ; 0          ; |MaquinaDeVendas|subtratores:sub|subtrator:sub_agua    ; subtrator       ; work         ;
;       |subtrator:sub_refi|        ; 1 (1)               ; 0 (0)                     ; 0           ; 0          ; 0            ; 0       ; 0         ; 0    ; 0            ; 0          ; |MaquinaDeVendas|subtratores:sub|subtrator:sub_refi    ; subtrator       ; work         ;
;       |subtrator:sub_salg|        ; 2 (2)               ; 0 (0)                     ; 0           ; 0          ; 0            ; 0       ; 0         ; 0    ; 0            ; 0          ; |MaquinaDeVendas|subtratores:sub|subtrator:sub_salg    ; subtrator       ; work         ;
+-----------------------------------+---------------------+---------------------------+-------------+------------+--------------+---------+-----------+------+--------------+------------+--------------------------------------------------------+-----------------+--------------+
Note: For table entries with two numbers listed, the numbers in parentheses indicate the number of resources of the given type used by the specific entity alone. The numbers listed outside of parentheses indicate the total resources of the given type used by the specific entity and all of its sub-entities in the hierarchy.


+------------------------------------------------------+
; General Register Statistics                          ;
+----------------------------------------------+-------+
; Statistic                                    ; Value ;
+----------------------------------------------+-------+
; Total registers                              ; 6     ;
; Number of registers using Synchronous Clear  ; 0     ;
; Number of registers using Synchronous Load   ; 2     ;
; Number of registers using Asynchronous Clear ; 6     ;
; Number of registers using Asynchronous Load  ; 0     ;
; Number of registers using Clock Enable       ; 4     ;
; Number of registers using Preset             ; 0     ;
+----------------------------------------------+-------+


+-----------------------------------------------------------------------------------------------------------------------------------------------------------------------------+
; Multiplexer Restructuring Statistics (Restructuring Performed)                                                                                                              ;
+--------------------+-----------+---------------+----------------------+------------------------+------------+---------------------------------------------------------------+
; Multiplexer Inputs ; Bus Width ; Baseline Area ; Area if Restructured ; Saving if Restructured ; Registered ; Example Multiplexer Output                                    ;
+--------------------+-----------+---------------+----------------------+------------------------+------------+---------------------------------------------------------------+
; 11:1               ; 2 bits    ; 14 LEs        ; 8 LEs                ; 6 LEs                  ; Yes        ; |MaquinaDeVendas|ram:memoria|memoria[4]                       ;
; 3:1                ; 4 bits    ; 8 LEs         ; 8 LEs                ; 0 LEs                  ; No         ; |MaquinaDeVendas|display:mostrador|Display1[0]                ;
; 4:1                ; 2 bits    ; 4 LEs         ; 2 LEs                ; 2 LEs                  ; No         ; |MaquinaDeVendas|subtratores:sub|multiplex_sub:mux_sub|enable ;
; 4:1                ; 7 bits    ; 14 LEs        ; 14 LEs               ; 0 LEs                  ; No         ; |MaquinaDeVendas|display:mostrador|Display0[1]                ;
; 5:1                ; 9 bits    ; 27 LEs        ; 27 LEs               ; 0 LEs                  ; No         ; |MaquinaDeVendas|display:mostrador|Display3[1]                ;
+--------------------+-----------+---------------+----------------------+------------------------+------------+---------------------------------------------------------------+


+----------------------------------------------------------------+
; Port Connectivity Checks: "subtratores:sub|subtrator:sub_choc" ;
+---------------------+-------+----------+-----------------------+
; Port                ; Type  ; Severity ; Details               ;
+---------------------+-------+----------+-----------------------+
; valor_produto[3..0] ; Input ; Info     ; Stuck at VCC          ;
; valor_produto[5..4] ; Input ; Info     ; Stuck at GND          ;
+---------------------+-------+----------+-----------------------+


+----------------------------------------------------------------+
; Port Connectivity Checks: "subtratores:sub|subtrator:sub_salg" ;
+---------------------+-------+----------+-----------------------+
; Port                ; Type  ; Severity ; Details               ;
+---------------------+-------+----------+-----------------------+
; valor_produto[3..1] ; Input ; Info     ; Stuck at VCC          ;
; valor_produto[5..4] ; Input ; Info     ; Stuck at GND          ;
; valor_produto[0]    ; Input ; Info     ; Stuck at GND          ;
+---------------------+-------+----------+-----------------------+


+----------------------------------------------------------------+
; Port Connectivity Checks: "subtratores:sub|subtrator:sub_refi" ;
+---------------------+-------+----------+-----------------------+
; Port                ; Type  ; Severity ; Details               ;
+---------------------+-------+----------+-----------------------+
; valor_produto[3..2] ; Input ; Info     ; Stuck at VCC          ;
; valor_produto[5..4] ; Input ; Info     ; Stuck at GND          ;
; valor_produto[1..0] ; Input ; Info     ; Stuck at GND          ;
+---------------------+-------+----------+-----------------------+


+----------------------------------------------------------------+
; Port Connectivity Checks: "subtratores:sub|subtrator:sub_agua" ;
+---------------------+-------+----------+-----------------------+
; Port                ; Type  ; Severity ; Details               ;
+---------------------+-------+----------+-----------------------+
; valor_produto[2..1] ; Input ; Info     ; Stuck at VCC          ;
; valor_produto[5..3] ; Input ; Info     ; Stuck at GND          ;
; valor_produto[0]    ; Input ; Info     ; Stuck at GND          ;
+---------------------+-------+----------+-----------------------+


+------------------------------------------------------------+
; Port Connectivity Checks: "somadores:sum|somador:sum_100c" ;
+-------------------+-------+----------+---------------------+
; Port              ; Type  ; Severity ; Details             ;
+-------------------+-------+----------+---------------------+
; valor_moeda[5..3] ; Input ; Info     ; Stuck at GND        ;
; valor_moeda[1..0] ; Input ; Info     ; Stuck at GND        ;
; valor_moeda[2]    ; Input ; Info     ; Stuck at VCC        ;
+-------------------+-------+----------+---------------------+


+------------------------------------------------------------+
; Port Connectivity Checks: "somadores:sum|somador:sum_050c" ;
+-------------------+-------+----------+---------------------+
; Port              ; Type  ; Severity ; Details             ;
+-------------------+-------+----------+---------------------+
; valor_moeda[5..2] ; Input ; Info     ; Stuck at GND        ;
; valor_moeda[1]    ; Input ; Info     ; Stuck at VCC        ;
; valor_moeda[0]    ; Input ; Info     ; Stuck at GND        ;
+-------------------+-------+----------+---------------------+


+------------------------------------------------------------+
; Port Connectivity Checks: "somadores:sum|somador:sum_025c" ;
+-------------------+-------+----------+---------------------+
; Port              ; Type  ; Severity ; Details             ;
+-------------------+-------+----------+---------------------+
; valor_moeda[5..1] ; Input ; Info     ; Stuck at GND        ;
; valor_moeda[0]    ; Input ; Info     ; Stuck at VCC        ;
+-------------------+-------+----------+---------------------+


+-----------------------------------------------------+
; Post-Synthesis Netlist Statistics for Top Partition ;
+-----------------------+-----------------------------+
; Type                  ; Count                       ;
+-----------------------+-----------------------------+
; boundary_port         ; 41                          ;
; cycloneiii_ff         ; 6                           ;
;     CLR               ; 2                           ;
;     ENA CLR           ; 2                           ;
;     ENA CLR SLD       ; 2                           ;
; cycloneiii_lcell_comb ; 118                         ;
;     normal            ; 118                         ;
;         0 data inputs ; 1                           ;
;         1 data inputs ; 1                           ;
;         2 data inputs ; 12                          ;
;         3 data inputs ; 16                          ;
;         4 data inputs ; 88                          ;
;                       ;                             ;
; Max LUT depth         ; 7.00                        ;
; Average LUT depth     ; 4.38                        ;
+-----------------------+-----------------------------+


+-------------------------------+
; Elapsed Time Per Partition    ;
+----------------+--------------+
; Partition Name ; Elapsed Time ;
+----------------+--------------+
; Top            ; 00:00:02     ;
+----------------+--------------+


+-------------------------------+
; Analysis & Synthesis Messages ;
+-------------------------------+
Info: *******************************************************************
Info: Running Quartus Prime Analysis & Synthesis
    Info: Version 20.1.0 Build 711 06/05/2020 SJ Lite Edition
    Info: Processing started: Wed Jun 29 18:01:44 2022
Info: Command: quartus_map --read_settings_files=on --write_settings_files=off MaquinaDeVendas -c MaquinaDeVendas
Warning (18236): Number of processors has not been specified which may cause overloading on shared machines.  Set the global assignment NUM_PARALLEL_PROCESSORS in your QSF to an appropriate value for best performance.
Info (20030): Parallel compilation is enabled and will use 4 of the 4 processors detected
Info (12021): Found 2 design units, including 1 entities, in source file subtratores.vhd
    Info (12022): Found design unit 1: subtratores-sub File: C:/Users/thale/Development/Maquina/subtratores.vhd Line: 17
    Info (12023): Found entity 1: subtratores File: C:/Users/thale/Development/Maquina/subtratores.vhd Line: 4
Info (12021): Found 2 design units, including 1 entities, in source file subtrator.vhd
    Info (12022): Found design unit 1: subtrator-sub File: C:/Users/thale/Development/Maquina/subtrator.vhd Line: 15
    Info (12023): Found entity 1: subtrator File: C:/Users/thale/Development/Maquina/subtrator.vhd Line: 5
Info (12021): Found 2 design units, including 1 entities, in source file somadores.vhd
    Info (12022): Found design unit 1: somadores-sum File: C:/Users/thale/Development/Maquina/somadores.vhd Line: 15
    Info (12023): Found entity 1: somadores File: C:/Users/thale/Development/Maquina/somadores.vhd Line: 4
Info (12021): Found 2 design units, including 1 entities, in source file somador.vhd
    Info (12022): Found design unit 1: somador-sum File: C:/Users/thale/Development/Maquina/somador.vhd Line: 15
    Info (12023): Found entity 1: somador File: C:/Users/thale/Development/Maquina/somador.vhd Line: 5
Info (12021): Found 2 design units, including 1 entities, in source file ram.vhd
    Info (12022): Found design unit 1: ram-mem File: C:/Users/thale/Development/Maquina/ram.vhd Line: 16
    Info (12023): Found entity 1: ram File: C:/Users/thale/Development/Maquina/ram.vhd Line: 4
Info (12021): Found 2 design units, including 1 entities, in source file multiplex_sum.vhd
    Info (12022): Found design unit 1: multiplex_sum-mux File: C:/Users/thale/Development/Maquina/multiplex_sum.vhd Line: 18
    Info (12023): Found entity 1: multiplex_sum File: C:/Users/thale/Development/Maquina/multiplex_sum.vhd Line: 4
Info (12021): Found 2 design units, including 1 entities, in source file multiplex_sub.vhd
    Info (12022): Found design unit 1: multiplex_sub-mux File: C:/Users/thale/Development/Maquina/multiplex_sub.vhd Line: 21
    Info (12023): Found entity 1: multiplex_sub File: C:/Users/thale/Development/Maquina/multiplex_sub.vhd Line: 4
Info (12021): Found 2 design units, including 1 entities, in source file multiplex_ram.vhd
    Info (12022): Found design unit 1: multiplex_ram-mux File: C:/Users/thale/Development/Maquina/multiplex_ram.vhd Line: 16
    Info (12023): Found entity 1: multiplex_ram File: C:/Users/thale/Development/Maquina/multiplex_ram.vhd Line: 4
Info (12021): Found 2 design units, including 0 entities, in source file math_pkg.vhd
    Info (12022): Found design unit 1: math_pkg File: C:/Users/thale/Development/Maquina/math_pkg.vhd Line: 4
    Info (12022): Found design unit 2: math_pkg-body File: C:/Users/thale/Development/Maquina/math_pkg.vhd Line: 12
Info (12021): Found 2 design units, including 1 entities, in source file maquinadevendas.vhd
    Info (12022): Found design unit 1: MaquinaDeVendas-main File: C:/Users/thale/Development/Maquina/MaquinaDeVendas.vhd Line: 18
    Info (12023): Found entity 1: MaquinaDeVendas File: C:/Users/thale/Development/Maquina/MaquinaDeVendas.vhd Line: 4
Info (12021): Found 2 design units, including 1 entities, in source file display.vhd
    Info (12022): Found design unit 1: display-display_valor File: C:/Users/thale/Development/Maquina/display.vhd Line: 19
    Info (12023): Found entity 1: display File: C:/Users/thale/Development/Maquina/display.vhd Line: 5
Info (12021): Found 2 design units, including 1 entities, in source file comparador.vhd
    Info (12022): Found design unit 1: comparador-cmp File: C:/Users/thale/Development/Maquina/comparador.vhd Line: 17
    Info (12023): Found entity 1: comparador File: C:/Users/thale/Development/Maquina/comparador.vhd Line: 5
Info (12127): Elaborating entity "MaquinaDeVendas" for the top level hierarchy
Info (12128): Elaborating entity "somadores" for hierarchy "somadores:sum" File: C:/Users/thale/Development/Maquina/MaquinaDeVendas.vhd Line: 94
Info (12128): Elaborating entity "somador" for hierarchy "somadores:sum|somador:sum_025c" File: C:/Users/thale/Development/Maquina/somadores.vhd Line: 47
Warning (10492): VHDL Process Statement warning at somador.vhd(23): signal "valor_moeda" is read inside the Process Statement but isn't in the Process Statement's sensitivity list File: C:/Users/thale/Development/Maquina/somador.vhd Line: 23
Info (12128): Elaborating entity "multiplex_sum" for hierarchy "somadores:sum|multiplex_sum:mux_sum" File: C:/Users/thale/Development/Maquina/somadores.vhd Line: 59
Warning (10492): VHDL Process Statement warning at multiplex_sum.vhd(28): signal "entrada_01" is read inside the Process Statement but isn't in the Process Statement's sensitivity list File: C:/Users/thale/Development/Maquina/multiplex_sum.vhd Line: 28
Warning (10492): VHDL Process Statement warning at multiplex_sum.vhd(33): signal "entrada_02" is read inside the Process Statement but isn't in the Process Statement's sensitivity list File: C:/Users/thale/Development/Maquina/multiplex_sum.vhd Line: 33
Warning (10492): VHDL Process Statement warning at multiplex_sum.vhd(38): signal "entrada_03" is read inside the Process Statement but isn't in the Process Statement's sensitivity list File: C:/Users/thale/Development/Maquina/multiplex_sum.vhd Line: 38
Warning (10492): VHDL Process Statement warning at multiplex_sum.vhd(43): signal "default_value" is read inside the Process Statement but isn't in the Process Statement's sensitivity list File: C:/Users/thale/Development/Maquina/multiplex_sum.vhd Line: 43
Info (12128): Elaborating entity "subtratores" for hierarchy "subtratores:sub" File: C:/Users/thale/Development/Maquina/MaquinaDeVendas.vhd Line: 101
Info (12128): Elaborating entity "subtrator" for hierarchy "subtratores:sub|subtrator:sub_agua" File: C:/Users/thale/Development/Maquina/subtratores.vhd Line: 53
Warning (10492): VHDL Process Statement warning at subtrator.vhd(23): signal "valor_produto" is read inside the Process Statement but isn't in the Process Statement's sensitivity list File: C:/Users/thale/Development/Maquina/subtrator.vhd Line: 23
Info (12128): Elaborating entity "multiplex_sub" for hierarchy "subtratores:sub|multiplex_sub:mux_sub" File: C:/Users/thale/Development/Maquina/subtratores.vhd Line: 69
Warning (10492): VHDL Process Statement warning at multiplex_sub.vhd(29): signal "agua" is read inside the Process Statement but isn't in the Process Statement's sensitivity list File: C:/Users/thale/Development/Maquina/multiplex_sub.vhd Line: 29
Warning (10492): VHDL Process Statement warning at multiplex_sub.vhd(31): signal "entrada_01" is read inside the Process Statement but isn't in the Process Statement's sensitivity list File: C:/Users/thale/Development/Maquina/multiplex_sub.vhd Line: 31
Warning (10492): VHDL Process Statement warning at multiplex_sub.vhd(35): signal "refi" is read inside the Process Statement but isn't in the Process Statement's sensitivity list File: C:/Users/thale/Development/Maquina/multiplex_sub.vhd Line: 35
Warning (10492): VHDL Process Statement warning at multiplex_sub.vhd(37): signal "entrada_02" is read inside the Process Statement but isn't in the Process Statement's sensitivity list File: C:/Users/thale/Development/Maquina/multiplex_sub.vhd Line: 37
Warning (10492): VHDL Process Statement warning at multiplex_sub.vhd(41): signal "salg" is read inside the Process Statement but isn't in the Process Statement's sensitivity list File: C:/Users/thale/Development/Maquina/multiplex_sub.vhd Line: 41
Warning (10492): VHDL Process Statement warning at multiplex_sub.vhd(43): signal "entrada_03" is read inside the Process Statement but isn't in the Process Statement's sensitivity list File: C:/Users/thale/Development/Maquina/multiplex_sub.vhd Line: 43
Warning (10492): VHDL Process Statement warning at multiplex_sub.vhd(47): signal "choc" is read inside the Process Statement but isn't in the Process Statement's sensitivity list File: C:/Users/thale/Development/Maquina/multiplex_sub.vhd Line: 47
Warning (10492): VHDL Process Statement warning at multiplex_sub.vhd(49): signal "entrada_04" is read inside the Process Statement but isn't in the Process Statement's sensitivity list File: C:/Users/thale/Development/Maquina/multiplex_sub.vhd Line: 49
Warning (10492): VHDL Process Statement warning at multiplex_sub.vhd(55): signal "default_value" is read inside the Process Statement but isn't in the Process Statement's sensitivity list File: C:/Users/thale/Development/Maquina/multiplex_sub.vhd Line: 55
Info (12128): Elaborating entity "ram" for hierarchy "ram:memoria" File: C:/Users/thale/Development/Maquina/MaquinaDeVendas.vhd Line: 114
Info (12128): Elaborating entity "multiplex_ram" for hierarchy "ram:memoria|multiplex_ram:mux_sub_add" File: C:/Users/thale/Development/Maquina/ram.vhd Line: 35
Info (12128): Elaborating entity "display" for hierarchy "display:mostrador" File: C:/Users/thale/Development/Maquina/MaquinaDeVendas.vhd Line: 122
Warning (10492): VHDL Process Statement warning at display.vhd(465): signal "seletor" is read inside the Process Statement but isn't in the Process Statement's sensitivity list File: C:/Users/thale/Development/Maquina/display.vhd Line: 465
Warning (10492): VHDL Process Statement warning at display.vhd(465): signal "enable" is read inside the Process Statement but isn't in the Process Statement's sensitivity list File: C:/Users/thale/Development/Maquina/display.vhd Line: 465
Warning (10492): VHDL Process Statement warning at display.vhd(472): signal "seletor" is read inside the Process Statement but isn't in the Process Statement's sensitivity list File: C:/Users/thale/Development/Maquina/display.vhd Line: 472
Warning (10492): VHDL Process Statement warning at display.vhd(472): signal "enable" is read inside the Process Statement but isn't in the Process Statement's sensitivity list File: C:/Users/thale/Development/Maquina/display.vhd Line: 472
Warning (10492): VHDL Process Statement warning at display.vhd(479): signal "seletor" is read inside the Process Statement but isn't in the Process Statement's sensitivity list File: C:/Users/thale/Development/Maquina/display.vhd Line: 479
Warning (10492): VHDL Process Statement warning at display.vhd(479): signal "enable" is read inside the Process Statement but isn't in the Process Statement's sensitivity list File: C:/Users/thale/Development/Maquina/display.vhd Line: 479
Warning (10492): VHDL Process Statement warning at display.vhd(486): signal "seletor" is read inside the Process Statement but isn't in the Process Statement's sensitivity list File: C:/Users/thale/Development/Maquina/display.vhd Line: 486
Warning (10492): VHDL Process Statement warning at display.vhd(486): signal "enable" is read inside the Process Statement but isn't in the Process Statement's sensitivity list File: C:/Users/thale/Development/Maquina/display.vhd Line: 486
Info (12128): Elaborating entity "comparador" for hierarchy "comparador:cmp_produto" File: C:/Users/thale/Development/Maquina/MaquinaDeVendas.vhd Line: 130
Warning (13024): Output pins are stuck at VCC or GND
    Warning (13410): Pin "HEX0[0]" is stuck at VCC File: C:/Users/thale/Development/Maquina/MaquinaDeVendas.vhd Line: 10
    Warning (13410): Pin "HEX2[0]" is stuck at VCC File: C:/Users/thale/Development/Maquina/MaquinaDeVendas.vhd Line: 12
    Warning (13410): Pin "HEX3[0]" is stuck at VCC File: C:/Users/thale/Development/Maquina/MaquinaDeVendas.vhd Line: 13
Info (286030): Timing-Driven Synthesis is running
Info (16010): Generating hard_block partition "hard_block:auto_generated_inst"
    Info (16011): Adding 0 node(s), including 0 DDIO, 0 PLL, 0 transceiver and 0 LCELL
Info (21057): Implemented 157 device resources after synthesis - the final resource count might be different
    Info (21058): Implemented 9 input pins
    Info (21059): Implemented 32 output pins
    Info (21061): Implemented 116 logic cells
Info: Quartus Prime Analysis & Synthesis was successful. 0 errors, 28 warnings
    Info: Peak virtual memory: 4776 megabytes
    Info: Processing ended: Wed Jun 29 18:02:01 2022
    Info: Elapsed time: 00:00:17
    Info: Total CPU time (on all processors): 00:00:35


